node.exe : ΓÜá Warning: 
Next.js inferred your 
workspace root, but it 
may not be correct.
At C:\Program 
Files\nodejs\npx.ps1:29 
char:3
+   & $NODE_EXE 
$NPX_CLI_JS $args
+   ~~~~~~~~~~~~~~~~~~~~
~~~~~~~~~
    + CategoryInfo      
        : NotSpecified  
  : (ΓÜá Warning: Ne.   
 ..not be correct.:S    
tring) [], RemoteEx    
ception
    + FullyQualifiedErr 
   orId : NativeComman  
  dError
 
 We detected multiple 
lockfiles and selected 
the directory of C:\User
s\jha77\package-lock.jso
n as the root directory.
 To silence this 
warning, set 
`turbopack.root` in 
your Next.js config, or 
consider removing one 
of the lockfiles if 
it's not needed.
   See https://nextjs.or
g/docs/app/api-reference
/config/next-config-js/t
urbopack#root-directory 
for more information.
 Detected additional 
lockfiles: 
   * C:\Users\jha77\Down
loads\KnowMyHealth\knowm
yhealthplatform\frontend
\package-lock.json

Γû▓ Next.js 16.2.2 (Turbopack)
- Environments: .env

ΓÜá The "middleware" 
file convention is 
deprecated. Please use 
"proxy" instead. Learn 
more: https://nextjs.org
/docs/messages/middlewar
e-to-proxy
  Creating an optimized production build ...

> Build error occurred
Error: Turbopack build 
failed with 1 errors:
./Downloads/KnowMyHealth
/knowmyhealthplatform/fr
ontend/app/prescription/
page.tsx:6:1
Module not found: Can't 
resolve 'react-dropzone'
  [90m4 |[0m 
[36mimport[0m { 
motion, [33mAnimatePres
ence[0m } 
[36mfrom[0m 
[32m'motion/react'[0m;
  [90m5 |[0m 
[36mimport[0m { 
[33mUploadCloud[0m, 
[33mFileText[0m, 
[33mCheckCircle[0m, 
[33mClock[0m, 
[33mFile[0m, 
[33mBrain[0m, 
[33mX[0m, 
[33mAlertCircle[0m } 
[36mfrom[0m 
[32m'luc...[0m
[31m[1m>[0m [90m6 
|[0m [36mimport[0m { 
useDropzone } 
[36mfrom[0m [32m'reac
t-dropzone'[0m;
  [90m  |[0m [31m[1m
^^^^^^^^^^^^^^^^^^^^^^^^
^^^^^^^^^^^^^^^^^^^^^[0
m
  [90m7 |[0m 
[36mimport[0m 
[33mProtectedRoute[0m 
[36mfrom[0m [32m'@/co
mponents/ProtectedRoute'
[0m;
  [90m8 |[0m
  [90m9 |[0m [90m// 
--- Types ---[0m



Import traces:
  Client Component 
Browser:
    ./Downloads/KnowMyHe
alth/knowmyhealthplatfor
m/frontend/app/prescript
ion/page.tsx [Client 
Component Browser]
    ./Downloads/KnowMyHe
alth/knowmyhealthplatfor
m/frontend/app/prescript
ion/page.tsx [Server 
Component]

  Client Component SSR:
    ./Downloads/KnowMyHe
alth/knowmyhealthplatfor
m/frontend/app/prescript
ion/page.tsx [Client 
Component SSR]
    ./Downloads/KnowMyHe
alth/knowmyhealthplatfor
m/frontend/app/prescript
ion/page.tsx [Server 
Component]

https://nextjs.org/docs/
messages/module-not-foun
d


    at <unknown> (./Down
loads/KnowMyHealth/knowm
yhealthplatform/frontend
/app/prescription/page.t
sx:6:1)
    at <unknown> (https:
//nextjs.org/docs/messag
es/module-not-found)
